<?xml version="1.0"?>
<ds:Signature xmlns:ds="http://www.w3.org/2000/09/xmldsig#" xmlns:etsi="http://uri.etsi.org/01903/v1.3.2#" Id="Signature620397">
  <ds:SignedInfo>
    <ds:CanonicalizationMethod Algorithm="http://www.w3.org/TR/2001/REC-xml-c14n-20010315"/>
    <ds:SignatureMethod Algorithm="http://www.w3.org/2000/09/xmldsig#rsa-sha1"/>
    <ds:Reference Id="Reference-ID-363558" URI="#comprobante">
      <ds:Transforms>
        <ds:Transform Algorithm="http://www.w3.org/2000/09/xmldsig#enveloped-signature"/>
      </ds:Transforms>
      <ds:DigestMethod Algorithm="http://www.w3.org/2000/09/xmldsig#sha1"/>
      <ds:DigestValue>cq7LxQjlfGCWSYJcuKc9OxQ1tac=</ds:DigestValue>
    </ds:Reference>
    <ds:Reference URI="#Certificate1562780">
      <ds:DigestMethod Algorithm="http://www.w3.org/2000/09/xmldsig#sha1"/>
      <ds:DigestValue>ur9rNjrtE207VXosKwDvS+NhRII=</ds:DigestValue>
    </ds:Reference>
    <ds:Reference Type="http://uri.etsi.org/01903#SignedProperties" URI="#Signature620397-SignedProperties24123">
      <ds:DigestMethod Algorithm="http://www.w3.org/2000/09/xmldsig#sha1"/>
      <ds:DigestValue>/EAL2LR2xEA4plRsCMhpttEEf2Y=</ds:DigestValue>
    </ds:Reference>
  </ds:SignedInfo>
  <ds:SignatureValue Id="SignatureValue398963">tNug/Kf7vG5qu8qyomUTunIaDbMDyG8zxGhC4Le38YQ1HDAna4gVWp679cLFnSFVDmVQEmiHZNoShx3jmdeqdqL2wISy8qMg1MfuecywKR4ufpztz+oTSO07OqiCWU+yBw4PFTtsEEGIM1VV187WAI80Cdcd+e43d0/oAXQ2o9HLi/nDhSdqi8q0JeZ48PtH4Q0SVhtULYTq8Kb2014o5UOPKDwlBSRJ7M4AicgLtuyUg8Y3kElaUhDZ/0cgdguwmfZkJQ35Q8tm+KgUMAPJRCRZlMVbJyYrXFxCgyH/0TQiYtAsEghgkrhH7BzIxHwDGmXmcUQ9bsHd3vb6KEghIA==</ds:SignatureValue>
  <ds:KeyInfo Id="Certificate1562780">
    <ds:X509Data>
      <ds:X509Certificate>MIIEEDCCAvigAwIBAgIJAKMzcZHJt4mPMA0GCSqGSIb3DQEBCwUAMIGeMQswCQYDVQQGEwJDQTEU
MBIGA1UECAwLTm92YSBTY290aWExDjAMBgNVBAcMBVRydXJvMRswGQYDVQQKDBJOb21hZCB3ZWIg
dmVudHVyZXMxCzAJBgNVBAsMAklUMRswGQYDVQQDDBJOb21hZCB3ZWIgdmVudHVyZXMxIjAgBgkq
hkiG9w0BCQEWE2xvZHVpc0BteWFiYWt1cy5jb20wHhcNMTgwMTIwMTcxNjI1WhcNMjMwMTE5MTcx
NjI1WjCBlDELMAkGA1UEBhMCQ0ExFDASBgNVBAgMC05vdmEgU2NvdGlhMQ4wDAYDVQQHDAVUcnVy
bzEbMBkGA1UECgwSTm9tYWQgd2ViIHZlbnR1cmVzMQswCQYDVQQLDAJJVDERMA8GA1UEAwwIbXlB
YmFrdXMxIjAgBgkqhkiG9w0BCQEWE2xvZHVpc0BteWFiYWt1cy5jb20wggEiMA0GCSqGSIb3DQEB
AQUAA4IBDwAwggEKAoIBAQC+TnJlqN8CWFn1Pwl1sW0FigsS2qpjhkQcHWc1e/clFnsG+4URgZen
yPPCKAiMN97pZkj0Q9ovxnWQkQLutvJvAhGJNz7PdwHHPnXUz/gnpsdpMjeV1TdfN2oA8Lp2bCA/
1EsT3fCv/dGW1D5nvHSL00lDip2sD6orTFb01bjeSnSMFGxAlh8zvzGCiq12Is4aHsoTjiOAXQyP
smp12pqezbCvR/+QrrM1C944dPzEgpvwzcYKFRfu3Na0/v53/NGA7/P+G5sdd1D+DD60VPeK3am9
9e/otiCn/lZ9V3CnE9+CGtIlisHlHFtTaUXUu6YDlh1mJq/FVtzeR/AqbSA3AgMBAAGjWTBXMB8G
A1UdIwQYMBaAFLVUvxk4jdDo89CtoP9BiXuyBNOnMAkGA1UdEwQCMAAwCwYDVR0PBAQDAgTwMBwG
A1UdEQQVMBOCEXd3dy5sb2NhbGhvc3Qub3JnMA0GCSqGSIb3DQEBCwUAA4IBAQAHnmwJUUkNmNnX
G65ZT4m+1E6BRMz6q4eV4DGaYCRbHbyTkGgu35UaM+oBAKf81//eDyAIw1AGZYzoET79QAqztDR/
9Zq1MnAmhRIf6s7mR+RTWSlkteDlHjl2Ne2ZVZYZbsU/1VOxhg52rAUO0IpE9ZPu9vO7hKdtnAVZ
mzF8a7TRnaAuqsu68kS7MCcxtsMuZwOURWy1UNtB36dqOyNguv3umPycDoUnfxskfSBSl5vn66RQ
vgH/Lkn5ArgyiqsixaZ8LuegngmntT+hWv8utUN2sEBQgfYfkL50STqmuztQd5dGR/WHhIywqSHH
4C4/vu/xcJFmDP29HAgGX/TY
</ds:X509Certificate>
    </ds:X509Data>
    <ds:KeyValue>
      <ds:RSAKeyValue>
        <ds:Modulus>vk5yZajfAlhZ9T8JdbFtBYoLEtqqY4ZEHB1nNXv3JRZ7BvuFEYGXp8jzwigIjDfe6WZI9EPaL8Z1kJEC7rbybwIRiTc+z3cBxz511M/4J6bHaTI3ldU3XzdqAPC6dmwgP9RLE93wr/3RltQ+Z7x0i9NJQ4qdrA+qK0xW9NW43kp0jBRsQJYfM78xgoqtdiLOGh7KE44jgF0Mj7Jqddqans2wr0f/kK6zNQveOHT8xIKb8M3GChUX7tzWtP7+d/zRgO/z/hubHXdQ/gw+tFT3it2pvfXv6LYgp/5WfVdwpxPfghrSJYrB5RxbU2lF1LumA5YdZiavxVbc3kfwKm0gNw==</ds:Modulus>
        <ds:Exponent>AQAB</ds:Exponent>
      </ds:RSAKeyValue>
    </ds:KeyValue>
  </ds:KeyInfo>
  <ds:Object Id="Signature620397-Object231987">
    <etsi:QualifyingProperties Target="#Signature620397">
      <etsi:SignedProperties Id="Signature620397-SignedProperties24123">
        <etsi:SignedSignatureProperties>
          <etsi:SigningTime>2012-03-05T16:57:32-05:00</etsi:SigningTime>
          <etsi:SigningCertificate>
            <etsi:Cert>
              <etsi:CertDigest>
                <ds:DigestMethod Algorithm="http://www.w3.org/2000/09/xmldsig#sha1"/>
                <ds:DigestValue>xUQewsj7MrjSfyMnhWz5DhQnWJM=</ds:DigestValue>
              </etsi:CertDigest>
              <etsi:IssuerSerial>
                <ds:X509IssuerName>CN=AC BANCO CENTRAL DEL ECUADOR,L=QUITO,OU=ENTIDAD DE CERTIFICACION DE INFORMACION-ECIBCE,O=BANCO CENTRAL DEL ECUADOR,C=EC</ds:X509IssuerName>
                <ds:X509SerialNumber>1312833444</ds:X509SerialNumber>
              </etsi:IssuerSerial>
            </etsi:Cert>
          </etsi:SigningCertificate>
        </etsi:SignedSignatureProperties>
        <etsi:SignedDataObjectProperties>
          <etsi:DataObjectFormat ObjectReference="#Reference-ID-363558">
            <etsi:Description>contenido comprobante</etsi:Description>
            <etsi:MimeType>text/xml</etsi:MimeType>
          </etsi:DataObjectFormat>
        </etsi:SignedDataObjectProperties>
      </etsi:SignedProperties>
    </etsi:QualifyingProperties>
  </ds:Object>
</ds:Signature>
